// Jest Snapshot v1, https://goo.gl/fbAQLP

exports[`Login Component should render the login form 1`] = `ShallowWrapper {}`;
